/Users/justinadams/Docs/Minecraft/craftcodeproject/src/main/java/org/spectrumworkshop/craftcode/Actions/Actions.java
/Users/justinadams/Docs/Minecraft/craftcodeproject/src/main/java/org/spectrumworkshop/craftcode/Actions/DotAction.java
/Users/justinadams/Docs/Minecraft/craftcodeproject/src/main/java/org/spectrumworkshop/craftcode/Actions/StoreAction.java
/Users/justinadams/Docs/Minecraft/craftcodeproject/src/main/java/org/spectrumworkshop/craftcode/CraftCode.java
/Users/justinadams/Docs/Minecraft/craftcodeproject/src/main/java/org/spectrumworkshop/craftcode/Events/BlockPlace.java
/Users/justinadams/Docs/Minecraft/craftcodeproject/src/main/java/org/spectrumworkshop/craftcode/Events/Event/EventCondition.java
/Users/justinadams/Docs/Minecraft/craftcodeproject/src/main/java/org/spectrumworkshop/craftcode/Events/Event/ScriptEvent.java
/Users/justinadams/Docs/Minecraft/craftcodeproject/src/main/java/org/spectrumworkshop/craftcode/Events/EventSetters/BlockEvents.java
/Users/justinadams/Docs/Minecraft/craftcodeproject/src/main/java/org/spectrumworkshop/craftcode/Events/EventSetters/PlayerEvents.java
/Users/justinadams/Docs/Minecraft/craftcodeproject/src/main/java/org/spectrumworkshop/craftcode/Events/PlayerJoin.java
/Users/justinadams/Docs/Minecraft/craftcodeproject/src/main/java/org/spectrumworkshop/craftcode/Functions/IfCondition.java
/Users/justinadams/Docs/Minecraft/craftcodeproject/src/main/java/org/spectrumworkshop/craftcode/Functions/Loop.java
/Users/justinadams/Docs/Minecraft/craftcodeproject/src/main/java/org/spectrumworkshop/craftcode/Functions/Range.java
/Users/justinadams/Docs/Minecraft/craftcodeproject/src/main/java/org/spectrumworkshop/craftcode/Interpreters/Interpreter.java
/Users/justinadams/Docs/Minecraft/craftcodeproject/src/main/java/org/spectrumworkshop/craftcode/Values/Basic/Bool/Boolean.java
/Users/justinadams/Docs/Minecraft/craftcodeproject/src/main/java/org/spectrumworkshop/craftcode/Values/Basic/Bool/Condition.java
/Users/justinadams/Docs/Minecraft/craftcodeproject/src/main/java/org/spectrumworkshop/craftcode/Values/Basic/Bool/Inequality.java
/Users/justinadams/Docs/Minecraft/craftcodeproject/src/main/java/org/spectrumworkshop/craftcode/Values/Basic/CCString.java
/Users/justinadams/Docs/Minecraft/craftcodeproject/src/main/java/org/spectrumworkshop/craftcode/Values/Basic/Num/Arithmetic.java
/Users/justinadams/Docs/Minecraft/craftcodeproject/src/main/java/org/spectrumworkshop/craftcode/Values/Basic/Num/Number.java
/Users/justinadams/Docs/Minecraft/craftcodeproject/src/main/java/org/spectrumworkshop/craftcode/Values/CraftCode/CCEvent.java
/Users/justinadams/Docs/Minecraft/craftcodeproject/src/main/java/org/spectrumworkshop/craftcode/Values/CraftCode/CCSystem.java
/Users/justinadams/Docs/Minecraft/craftcodeproject/src/main/java/org/spectrumworkshop/craftcode/Values/Values.java
/Users/justinadams/Docs/Minecraft/craftcodeproject/src/main/java/org/spectrumworkshop/craftcode/Values/Variables/VarAddition.java
/Users/justinadams/Docs/Minecraft/craftcodeproject/src/main/java/org/spectrumworkshop/craftcode/Values/Variables/Variable.java
/Users/justinadams/Docs/Minecraft/craftcodeproject/src/main/java/org/spectrumworkshop/tools/SWRegex.java
